components/organisms/loan-assistant.tsx(114,29): error TS2769: No overload matches this call.
  Overload 1 of 2, '(props: PropsWithChildren<MarkdownProps>, context?: any): string | number | bigint | boolean | ReactElement<unknown, string | JSXElementConstructor<any>> | ... 4 more ... | undefined', gave the following error.
    Type '{ body: { color: string; fontSize: number; lineHeight: number; }; paragraph: { marginTop: number; marginBottom: number; }; bullet_list: { marginTop: number; marginBottom: number; }; ordered_list: { marginTop: number; marginBottom: number; }; ... 4 more ...; code_block: { ...; }; }' is not assignable to type 'NamedStyles<any>'.
      Property 'list_item' is incompatible with index signature.
        Type '{ flexDirection: string; justifyContent: string; }' is not assignable to type 'ViewStyle | TextStyle | ImageStyle'.
          Type '{ flexDirection: string; justifyContent: string; }' is not assignable to type 'ImageStyle'.
            Types of property 'flexDirection' are incompatible.
              Type 'string' is not assignable to type '"row" | "column" | "row-reverse" | "column-reverse" | undefined'.
  Overload 2 of 2, '(props: PropsWithChildren<MarkdownProps>): string | number | bigint | boolean | ReactElement<unknown, string | JSXElementConstructor<any>> | ... 4 more ... | undefined', gave the following error.
    Type '{ body: { color: string; fontSize: number; lineHeight: number; }; paragraph: { marginTop: number; marginBottom: number; }; bullet_list: { marginTop: number; marginBottom: number; }; ordered_list: { marginTop: number; marginBottom: number; }; ... 4 more ...; code_block: { ...; }; }' is not assignable to type 'NamedStyles<any>'.
      Property 'list_item' is incompatible with index signature.
        Type '{ flexDirection: string; justifyContent: string; }' is not assignable to type 'ViewStyle | TextStyle | ImageStyle'.
          Type '{ flexDirection: string; justifyContent: string; }' is not assignable to type 'ImageStyle'.
            Types of property 'flexDirection' are incompatible.
              Type 'string' is not assignable to type '"row" | "column" | "row-reverse" | "column-reverse" | undefined'.
hooks/use-beneficiary-data.ts(23,3): error TS2322: Type 'string | undefined' is not assignable to type 'string'.
  Type 'undefined' is not assignable to type 'string'.
screens/beneficiary/loan-assistant-screen.tsx(798,5): error TS1117: An object literal cannot have multiple properties with the same name.
screens/officer/dashboard-screen.tsx(90,33): error TS2339: Property 'avatarSmall' does not exist on type '{ container: { flex: number; backgroundColor: string; }; scrollContent: { paddingTop: number; paddingHorizontal: number; paddingBottom: number; gap: number; }; profileStrip: { flexDirection: "row"; ... 12 more ...; elevation: number; }; ... 52 more ...; taskCTA: { ...; }; }'.
screens/officer/dashboard-screen.tsx(100,34): error TS2339: Property 'statusPill' does not exist on type '{ container: { flex: number; backgroundColor: string; }; scrollContent: { paddingTop: number; paddingHorizontal: number; paddingBottom: number; gap: number; }; profileStrip: { flexDirection: "row"; ... 12 more ...; elevation: number; }; ... 52 more ...; taskCTA: { ...; }; }'.
screens/officer/dashboard-screen.tsx(101,36): error TS2339: Property 'statusDot' does not exist on type '{ container: { flex: number; backgroundColor: string; }; scrollContent: { paddingTop: number; paddingHorizontal: number; paddingBottom: number; gap: number; }; profileStrip: { flexDirection: "row"; ... 12 more ...; elevation: number; }; ... 52 more ...; taskCTA: { ...; }; }'.
screens/officer/verification-detail-screen.tsx(183,42): error TS2345: Argument of type '[string, { submission: SubmissionEvidence; beneficiaryId: string; }]' is not assignable to parameter of type 'never'.
screens/officer/verification-tasks-screen.tsx(48,58): error TS2339: Property 'createdAt' does not exist on type 'BeneficiaryRecord'.
screens/officer/verification-tasks-screen.tsx(51,34): error TS2339: Property 'loanId' does not exist on type 'BeneficiaryMetadata'.
screens/officer/verification-tasks-screen.tsx(53,70): error TS2339: Property 'loanAmount' does not exist on type 'BeneficiaryMetadata'.
screens/officer/verification-tasks-screen.tsx(54,38): error TS2339: Property 'lastSynced' does not exist on type 'BeneficiaryMetadata'.
